// Jest Snapshot v1, https://goo.gl/fbAQLP

exports[`renders correctly for SampleUser component 1`] = `
<div
  className="user-container col-lg-4 p-4"
>
  <img
    alt=""
    className="rounded-circle mb-5"
    src=""
  />
  <p>
    First Name: 
    John
  </p>
  <p>
    Last Name: 
    Roberts
  </p>
  <button
    className="btn btn-primary"
    onClick={[Function]}
  >
    view details
  </button>
</div>
`;

exports[`renders correctly for UserDetailed component 1`] = `
Array [
  <div
    className="user-details col-md-7"
  >
    <h3>
      John is a retired YouTuber
    </h3>
    <p>
      John
       
      Roberts
    </p>
    <p>
      Age 
      51
    </p>
    <p>
      Location 
      Chicago, IL
    </p>
  </div>,
  <div
    className="user-img col-md-5"
  >
    <img
      alt=""
      className="img-fluid mx-auto"
      src=""
    />
  </div>,
]
`;
